// Jest Snapshot v1, https://goo.gl/fbAQLP

exports[`renders homepage unchanged 1`] = `
<div>
  <div
    class="container"
  >
    <main
      class="main"
    >
      <div>
        <h1>
          Welcome to Next.js!
        </h1>
        <button>
          Count is: 
          0
        </button>
      </div>
    </main>
  </div>
</div>
`;
